// Jest Snapshot v1, https://goo.gl/fbAQLP

exports[`<Delete/> Initial Component Rendering Should Match Snapshot 1`] = `
<Delete
  classes={Object {}}
>
  <div>
    <ForwardRef(DeleteIcon)
      onClick={[Function]}
    >
      <WithStyles(ForwardRef(SvgIcon))
        onClick={[Function]}
      >
        <ForwardRef(SvgIcon)
          classes={
            Object {
              "colorAction": "MuiSvgIcon-colorAction",
              "colorDisabled": "MuiSvgIcon-colorDisabled",
              "colorError": "MuiSvgIcon-colorError",
              "colorPrimary": "MuiSvgIcon-colorPrimary",
              "colorSecondary": "MuiSvgIcon-colorSecondary",
              "fontSizeInherit": "MuiSvgIcon-fontSizeInherit",
              "fontSizeLarge": "MuiSvgIcon-fontSizeLarge",
              "fontSizeSmall": "MuiSvgIcon-fontSizeSmall",
              "root": "MuiSvgIcon-root",
            }
          }
          onClick={[Function]}
        >
          <svg
            aria-hidden={true}
            className="MuiSvgIcon-root"
            focusable="false"
            onClick={[Function]}
            viewBox="0 0 24 24"
          >
            <path
              d="M6 19c0 1.1.9 2 2 2h8c1.1 0 2-.9 2-2V7H6v12zM19 4h-3.5l-1-1h-5l-1 1H5v2h14V4z"
            />
          </svg>
        </ForwardRef(SvgIcon)>
      </WithStyles(ForwardRef(SvgIcon))>
    </ForwardRef(DeleteIcon)>
  </div>
</Delete>
`;
