// Jest Snapshot v1, https://goo.gl/fbAQLP

exports[`<Header/> Initial Component Rendering Should Match Snapshot 1`] = `
<Header
  classes={Object {}}
>
  <div>
    <WithStyles(ForwardRef(AppBar))
      position="fixed"
    >
      <ForwardRef(AppBar)
        classes={
          Object {
            "colorDefault": "MuiAppBar-colorDefault",
            "colorInherit": "MuiAppBar-colorInherit",
            "colorPrimary": "MuiAppBar-colorPrimary",
            "colorSecondary": "MuiAppBar-colorSecondary",
            "colorTransparent": "MuiAppBar-colorTransparent",
            "positionAbsolute": "MuiAppBar-positionAbsolute",
            "positionFixed": "MuiAppBar-positionFixed",
            "positionRelative": "MuiAppBar-positionRelative",
            "positionStatic": "MuiAppBar-positionStatic",
            "positionSticky": "MuiAppBar-positionSticky",
            "root": "MuiAppBar-root",
          }
        }
        position="fixed"
      >
        <WithStyles(ForwardRef(Paper))
          className="MuiAppBar-root MuiAppBar-positionFixed MuiAppBar-colorPrimary mui-fixed"
          component="header"
          elevation={4}
          square={true}
        >
          <ForwardRef(Paper)
            className="MuiAppBar-root MuiAppBar-positionFixed MuiAppBar-colorPrimary mui-fixed"
            classes={
              Object {
                "elevation0": "MuiPaper-elevation0",
                "elevation1": "MuiPaper-elevation1",
                "elevation10": "MuiPaper-elevation10",
                "elevation11": "MuiPaper-elevation11",
                "elevation12": "MuiPaper-elevation12",
                "elevation13": "MuiPaper-elevation13",
                "elevation14": "MuiPaper-elevation14",
                "elevation15": "MuiPaper-elevation15",
                "elevation16": "MuiPaper-elevation16",
                "elevation17": "MuiPaper-elevation17",
                "elevation18": "MuiPaper-elevation18",
                "elevation19": "MuiPaper-elevation19",
                "elevation2": "MuiPaper-elevation2",
                "elevation20": "MuiPaper-elevation20",
                "elevation21": "MuiPaper-elevation21",
                "elevation22": "MuiPaper-elevation22",
                "elevation23": "MuiPaper-elevation23",
                "elevation24": "MuiPaper-elevation24",
                "elevation3": "MuiPaper-elevation3",
                "elevation4": "MuiPaper-elevation4",
                "elevation5": "MuiPaper-elevation5",
                "elevation6": "MuiPaper-elevation6",
                "elevation7": "MuiPaper-elevation7",
                "elevation8": "MuiPaper-elevation8",
                "elevation9": "MuiPaper-elevation9",
                "outlined": "MuiPaper-outlined",
                "root": "MuiPaper-root",
                "rounded": "MuiPaper-rounded",
              }
            }
            component="header"
            elevation={4}
            square={true}
          >
            <header
              className="MuiPaper-root MuiAppBar-root MuiAppBar-positionFixed MuiAppBar-colorPrimary mui-fixed MuiPaper-elevation4"
            >
              <WithStyles(ForwardRef(Toolbar))>
                <ForwardRef(Toolbar)
                  classes={
                    Object {
                      "dense": "MuiToolbar-dense",
                      "gutters": "MuiToolbar-gutters",
                      "regular": "MuiToolbar-regular",
                      "root": "MuiToolbar-root",
                    }
                  }
                >
                  <div
                    className="MuiToolbar-root MuiToolbar-regular MuiToolbar-gutters"
                  >
                    <div
                      style={
                        Object {
                          "display": "flex",
                        }
                      }
                    >
                      <WithStyles(ForwardRef(Typography))
                        noWrap={true}
                      >
                        <ForwardRef(Typography)
                          classes={
                            Object {
                              "alignCenter": "MuiTypography-alignCenter",
                              "alignJustify": "MuiTypography-alignJustify",
                              "alignLeft": "MuiTypography-alignLeft",
                              "alignRight": "MuiTypography-alignRight",
                              "body1": "MuiTypography-body1",
                              "body2": "MuiTypography-body2",
                              "button": "MuiTypography-button",
                              "caption": "MuiTypography-caption",
                              "colorError": "MuiTypography-colorError",
                              "colorInherit": "MuiTypography-colorInherit",
                              "colorPrimary": "MuiTypography-colorPrimary",
                              "colorSecondary": "MuiTypography-colorSecondary",
                              "colorTextPrimary": "MuiTypography-colorTextPrimary",
                              "colorTextSecondary": "MuiTypography-colorTextSecondary",
                              "displayBlock": "MuiTypography-displayBlock",
                              "displayInline": "MuiTypography-displayInline",
                              "gutterBottom": "MuiTypography-gutterBottom",
                              "h1": "MuiTypography-h1",
                              "h2": "MuiTypography-h2",
                              "h3": "MuiTypography-h3",
                              "h4": "MuiTypography-h4",
                              "h5": "MuiTypography-h5",
                              "h6": "MuiTypography-h6",
                              "noWrap": "MuiTypography-noWrap",
                              "overline": "MuiTypography-overline",
                              "paragraph": "MuiTypography-paragraph",
                              "root": "MuiTypography-root",
                              "srOnly": "MuiTypography-srOnly",
                              "subtitle1": "MuiTypography-subtitle1",
                              "subtitle2": "MuiTypography-subtitle2",
                            }
                          }
                          noWrap={true}
                        >
                          <p
                            className="MuiTypography-root MuiTypography-body1 MuiTypography-noWrap"
                          >
                            Todo List App
                          </p>
                        </ForwardRef(Typography)>
                      </WithStyles(ForwardRef(Typography))>
                    </div>
                    <div>
                      <Login
                        classes={Object {}}
                      >
                        <div>
                          <form>
                            <WithStyles(ForwardRef(FormControl))>
                              <ForwardRef(FormControl)
                                classes={
                                  Object {
                                    "fullWidth": "MuiFormControl-fullWidth",
                                    "marginDense": "MuiFormControl-marginDense",
                                    "marginNormal": "MuiFormControl-marginNormal",
                                    "root": "MuiFormControl-root",
                                  }
                                }
                              >
                                <div
                                  className="MuiFormControl-root"
                                >
                                  <WithStyles(ForwardRef(Input))
                                    autoComplete="email"
                                    autoFocus={true}
                                    data-test="loginEmail"
                                    error={false}
                                    onChange={[Function]}
                                    onClick={[Function]}
                                    placeholder="email"
                                    required={true}
                                    value="demo@bcf.com"
                                  >
                                    <ForwardRef(Input)
                                      autoComplete="email"
                                      autoFocus={true}
                                      classes={
                                        Object {
                                          "colorSecondary": "MuiInput-colorSecondary",
                                          "disabled": "Mui-disabled",
                                          "error": "Mui-error",
                                          "focused": "Mui-focused",
                                          "formControl": "MuiInput-formControl",
                                          "fullWidth": "MuiInput-fullWidth",
                                          "input": "MuiInput-input",
                                          "inputMarginDense": "MuiInput-inputMarginDense",
                                          "inputMultiline": "MuiInput-inputMultiline",
                                          "inputTypeSearch": "MuiInput-inputTypeSearch",
                                          "marginDense": "MuiInput-marginDense",
                                          "multiline": "MuiInput-multiline",
                                          "root": "MuiInput-root",
                                          "underline": "MuiInput-underline",
                                        }
                                      }
                                      data-test="loginEmail"
                                      error={false}
                                      onChange={[Function]}
                                      onClick={[Function]}
                                      placeholder="email"
                                      required={true}
                                      value="demo@bcf.com"
                                    >
                                      <WithStyles(ForwardRef(InputBase))
                                        autoComplete="email"
                                        autoFocus={true}
                                        classes={
                                          Object {
                                            "colorSecondary": "MuiInput-colorSecondary",
                                            "disabled": "Mui-disabled",
                                            "error": "Mui-error",
                                            "focused": "Mui-focused",
                                            "formControl": "MuiInput-formControl",
                                            "fullWidth": "MuiInput-fullWidth",
                                            "input": "MuiInput-input",
                                            "inputMarginDense": "MuiInput-inputMarginDense",
                                            "inputMultiline": "MuiInput-inputMultiline",
                                            "inputTypeSearch": "MuiInput-inputTypeSearch",
                                            "marginDense": "MuiInput-marginDense",
                                            "multiline": "MuiInput-multiline",
                                            "root": "MuiInput-root MuiInput-underline",
                                            "underline": null,
                                          }
                                        }
                                        data-test="loginEmail"
                                        error={false}
                                        fullWidth={false}
                                        inputComponent="input"
                                        multiline={false}
                                        onChange={[Function]}
                                        onClick={[Function]}
                                        placeholder="email"
                                        required={true}
                                        type="text"
                                        value="demo@bcf.com"
                                      >
                                        <ForwardRef(InputBase)
                                          autoComplete="email"
                                          autoFocus={true}
                                          classes={
                                            Object {
                                              "adornedEnd": "MuiInputBase-adornedEnd",
                                              "adornedStart": "MuiInputBase-adornedStart",
                                              "colorSecondary": "MuiInputBase-colorSecondary MuiInput-colorSecondary",
                                              "disabled": "Mui-disabled Mui-disabled",
                                              "error": "Mui-error Mui-error",
                                              "focused": "Mui-focused Mui-focused",
                                              "formControl": "MuiInputBase-formControl MuiInput-formControl",
                                              "fullWidth": "MuiInputBase-fullWidth MuiInput-fullWidth",
                                              "input": "MuiInputBase-input MuiInput-input",
                                              "inputAdornedEnd": "MuiInputBase-inputAdornedEnd",
                                              "inputAdornedStart": "MuiInputBase-inputAdornedStart",
                                              "inputHiddenLabel": "MuiInputBase-inputHiddenLabel",
                                              "inputMarginDense": "MuiInputBase-inputMarginDense MuiInput-inputMarginDense",
                                              "inputMultiline": "MuiInputBase-inputMultiline MuiInput-inputMultiline",
                                              "inputTypeSearch": "MuiInputBase-inputTypeSearch MuiInput-inputTypeSearch",
                                              "marginDense": "MuiInputBase-marginDense MuiInput-marginDense",
                                              "multiline": "MuiInputBase-multiline MuiInput-multiline",
                                              "root": "MuiInputBase-root MuiInput-root MuiInput-underline",
                                            }
                                          }
                                          data-test="loginEmail"
                                          error={false}
                                          fullWidth={false}
                                          inputComponent="input"
                                          multiline={false}
                                          onChange={[Function]}
                                          onClick={[Function]}
                                          placeholder="email"
                                          required={true}
                                          type="text"
                                          value="demo@bcf.com"
                                        >
                                          <div
                                            className="MuiInputBase-root MuiInput-root MuiInput-underline MuiInputBase-formControl MuiInput-formControl"
                                            data-test="loginEmail"
                                            onClick={[Function]}
                                            required={true}
                                          >
                                            <input
                                              aria-invalid={false}
                                              autoComplete="email"
                                              autoFocus={true}
                                              className="MuiInputBase-input MuiInput-input"
                                              disabled={false}
                                              onAnimationStart={[Function]}
                                              onBlur={[Function]}
                                              onChange={[Function]}
                                              onFocus={[Function]}
                                              placeholder="email"
                                              required={true}
                                              type="text"
                                              value="demo@bcf.com"
                                            />
                                          </div>
                                        </ForwardRef(InputBase)>
                                      </WithStyles(ForwardRef(InputBase))>
                                    </ForwardRef(Input)>
                                  </WithStyles(ForwardRef(Input))>
                                </div>
                              </ForwardRef(FormControl)>
                            </WithStyles(ForwardRef(FormControl))>
                            <WithStyles(ForwardRef(FormControl))>
                              <ForwardRef(FormControl)
                                classes={
                                  Object {
                                    "fullWidth": "MuiFormControl-fullWidth",
                                    "marginDense": "MuiFormControl-marginDense",
                                    "marginNormal": "MuiFormControl-marginNormal",
                                    "root": "MuiFormControl-root",
                                  }
                                }
                              >
                                <div
                                  className="MuiFormControl-root"
                                >
                                  <WithStyles(ForwardRef(Input))
                                    autoComplete="current-password"
                                    data-test="loginPassword"
                                    error={false}
                                    onChange={[Function]}
                                    onClick={[Function]}
                                    placeholder="password"
                                    required={true}
                                    type="password"
                                    value="password"
                                  >
                                    <ForwardRef(Input)
                                      autoComplete="current-password"
                                      classes={
                                        Object {
                                          "colorSecondary": "MuiInput-colorSecondary",
                                          "disabled": "Mui-disabled",
                                          "error": "Mui-error",
                                          "focused": "Mui-focused",
                                          "formControl": "MuiInput-formControl",
                                          "fullWidth": "MuiInput-fullWidth",
                                          "input": "MuiInput-input",
                                          "inputMarginDense": "MuiInput-inputMarginDense",
                                          "inputMultiline": "MuiInput-inputMultiline",
                                          "inputTypeSearch": "MuiInput-inputTypeSearch",
                                          "marginDense": "MuiInput-marginDense",
                                          "multiline": "MuiInput-multiline",
                                          "root": "MuiInput-root",
                                          "underline": "MuiInput-underline",
                                        }
                                      }
                                      data-test="loginPassword"
                                      error={false}
                                      onChange={[Function]}
                                      onClick={[Function]}
                                      placeholder="password"
                                      required={true}
                                      type="password"
                                      value="password"
                                    >
                                      <WithStyles(ForwardRef(InputBase))
                                        autoComplete="current-password"
                                        classes={
                                          Object {
                                            "colorSecondary": "MuiInput-colorSecondary",
                                            "disabled": "Mui-disabled",
                                            "error": "Mui-error",
                                            "focused": "Mui-focused",
                                            "formControl": "MuiInput-formControl",
                                            "fullWidth": "MuiInput-fullWidth",
                                            "input": "MuiInput-input",
                                            "inputMarginDense": "MuiInput-inputMarginDense",
                                            "inputMultiline": "MuiInput-inputMultiline",
                                            "inputTypeSearch": "MuiInput-inputTypeSearch",
                                            "marginDense": "MuiInput-marginDense",
                                            "multiline": "MuiInput-multiline",
                                            "root": "MuiInput-root MuiInput-underline",
                                            "underline": null,
                                          }
                                        }
                                        data-test="loginPassword"
                                        error={false}
                                        fullWidth={false}
                                        inputComponent="input"
                                        multiline={false}
                                        onChange={[Function]}
                                        onClick={[Function]}
                                        placeholder="password"
                                        required={true}
                                        type="password"
                                        value="password"
                                      >
                                        <ForwardRef(InputBase)
                                          autoComplete="current-password"
                                          classes={
                                            Object {
                                              "adornedEnd": "MuiInputBase-adornedEnd",
                                              "adornedStart": "MuiInputBase-adornedStart",
                                              "colorSecondary": "MuiInputBase-colorSecondary MuiInput-colorSecondary",
                                              "disabled": "Mui-disabled Mui-disabled",
                                              "error": "Mui-error Mui-error",
                                              "focused": "Mui-focused Mui-focused",
                                              "formControl": "MuiInputBase-formControl MuiInput-formControl",
                                              "fullWidth": "MuiInputBase-fullWidth MuiInput-fullWidth",
                                              "input": "MuiInputBase-input MuiInput-input",
                                              "inputAdornedEnd": "MuiInputBase-inputAdornedEnd",
                                              "inputAdornedStart": "MuiInputBase-inputAdornedStart",
                                              "inputHiddenLabel": "MuiInputBase-inputHiddenLabel",
                                              "inputMarginDense": "MuiInputBase-inputMarginDense MuiInput-inputMarginDense",
                                              "inputMultiline": "MuiInputBase-inputMultiline MuiInput-inputMultiline",
                                              "inputTypeSearch": "MuiInputBase-inputTypeSearch MuiInput-inputTypeSearch",
                                              "marginDense": "MuiInputBase-marginDense MuiInput-marginDense",
                                              "multiline": "MuiInputBase-multiline MuiInput-multiline",
                                              "root": "MuiInputBase-root MuiInput-root MuiInput-underline",
                                            }
                                          }
                                          data-test="loginPassword"
                                          error={false}
                                          fullWidth={false}
                                          inputComponent="input"
                                          multiline={false}
                                          onChange={[Function]}
                                          onClick={[Function]}
                                          placeholder="password"
                                          required={true}
                                          type="password"
                                          value="password"
                                        >
                                          <div
                                            className="MuiInputBase-root MuiInput-root MuiInput-underline MuiInputBase-formControl MuiInput-formControl"
                                            data-test="loginPassword"
                                            onClick={[Function]}
                                            required={true}
                                          >
                                            <input
                                              aria-invalid={false}
                                              autoComplete="current-password"
                                              className="MuiInputBase-input MuiInput-input"
                                              disabled={false}
                                              onAnimationStart={[Function]}
                                              onBlur={[Function]}
                                              onChange={[Function]}
                                              onFocus={[Function]}
                                              placeholder="password"
                                              required={true}
                                              type="password"
                                              value="password"
                                            />
                                          </div>
                                        </ForwardRef(InputBase)>
                                      </WithStyles(ForwardRef(InputBase))>
                                    </ForwardRef(Input)>
                                  </WithStyles(ForwardRef(Input))>
                                </div>
                              </ForwardRef(FormControl)>
                            </WithStyles(ForwardRef(FormControl))>
                            <WithStyles(ForwardRef(Button))
                              data-test="loginButton"
                              onClick={[Function]}
                            >
                              <ForwardRef(Button)
                                classes={
                                  Object {
                                    "colorInherit": "MuiButton-colorInherit",
                                    "contained": "MuiButton-contained",
                                    "containedPrimary": "MuiButton-containedPrimary",
                                    "containedSecondary": "MuiButton-containedSecondary",
                                    "containedSizeLarge": "MuiButton-containedSizeLarge",
                                    "containedSizeSmall": "MuiButton-containedSizeSmall",
                                    "disableElevation": "MuiButton-disableElevation",
                                    "disabled": "Mui-disabled",
                                    "endIcon": "MuiButton-endIcon",
                                    "focusVisible": "Mui-focusVisible",
                                    "fullWidth": "MuiButton-fullWidth",
                                    "iconSizeLarge": "MuiButton-iconSizeLarge",
                                    "iconSizeMedium": "MuiButton-iconSizeMedium",
                                    "iconSizeSmall": "MuiButton-iconSizeSmall",
                                    "label": "MuiButton-label",
                                    "outlined": "MuiButton-outlined",
                                    "outlinedPrimary": "MuiButton-outlinedPrimary",
                                    "outlinedSecondary": "MuiButton-outlinedSecondary",
                                    "outlinedSizeLarge": "MuiButton-outlinedSizeLarge",
                                    "outlinedSizeSmall": "MuiButton-outlinedSizeSmall",
                                    "root": "MuiButton-root",
                                    "sizeLarge": "MuiButton-sizeLarge",
                                    "sizeSmall": "MuiButton-sizeSmall",
                                    "startIcon": "MuiButton-startIcon",
                                    "text": "MuiButton-text",
                                    "textPrimary": "MuiButton-textPrimary",
                                    "textSecondary": "MuiButton-textSecondary",
                                    "textSizeLarge": "MuiButton-textSizeLarge",
                                    "textSizeSmall": "MuiButton-textSizeSmall",
                                  }
                                }
                                data-test="loginButton"
                                onClick={[Function]}
                              >
                                <WithStyles(ForwardRef(ButtonBase))
                                  className="MuiButton-root MuiButton-text"
                                  component="button"
                                  data-test="loginButton"
                                  disabled={false}
                                  focusRipple={true}
                                  focusVisibleClassName="Mui-focusVisible"
                                  onClick={[Function]}
                                  type="button"
                                >
                                  <ForwardRef(ButtonBase)
                                    className="MuiButton-root MuiButton-text"
                                    classes={
                                      Object {
                                        "disabled": "Mui-disabled",
                                        "focusVisible": "Mui-focusVisible",
                                        "root": "MuiButtonBase-root",
                                      }
                                    }
                                    component="button"
                                    data-test="loginButton"
                                    disabled={false}
                                    focusRipple={true}
                                    focusVisibleClassName="Mui-focusVisible"
                                    onClick={[Function]}
                                    type="button"
                                  >
                                    <button
                                      className="MuiButtonBase-root MuiButton-root MuiButton-text"
                                      data-test="loginButton"
                                      disabled={false}
                                      onBlur={[Function]}
                                      onClick={[Function]}
                                      onDragLeave={[Function]}
                                      onFocus={[Function]}
                                      onKeyDown={[Function]}
                                      onKeyUp={[Function]}
                                      onMouseDown={[Function]}
                                      onMouseLeave={[Function]}
                                      onMouseUp={[Function]}
                                      onTouchEnd={[Function]}
                                      onTouchMove={[Function]}
                                      onTouchStart={[Function]}
                                      tabIndex={0}
                                      type="button"
                                    >
                                      <span
                                        className="MuiButton-label"
                                      >
                                        Login
                                      </span>
                                      <WithStyles(memo)
                                        center={false}
                                      >
                                        <ForwardRef(TouchRipple)
                                          center={false}
                                          classes={
                                            Object {
                                              "child": "MuiTouchRipple-child",
                                              "childLeaving": "MuiTouchRipple-childLeaving",
                                              "childPulsate": "MuiTouchRipple-childPulsate",
                                              "ripple": "MuiTouchRipple-ripple",
                                              "ripplePulsate": "MuiTouchRipple-ripplePulsate",
                                              "rippleVisible": "MuiTouchRipple-rippleVisible",
                                              "root": "MuiTouchRipple-root",
                                            }
                                          }
                                        >
                                          <span
                                            className="MuiTouchRipple-root"
                                          >
                                            <TransitionGroup
                                              childFactory={[Function]}
                                              component={null}
                                              exit={true}
                                            />
                                          </span>
                                        </ForwardRef(TouchRipple)>
                                      </WithStyles(memo)>
                                    </button>
                                  </ForwardRef(ButtonBase)>
                                </WithStyles(ForwardRef(ButtonBase))>
                              </ForwardRef(Button)>
                            </WithStyles(ForwardRef(Button))>
                          </form>
                        </div>
                      </Login>
                    </div>
                  </div>
                </ForwardRef(Toolbar)>
              </WithStyles(ForwardRef(Toolbar))>
            </header>
          </ForwardRef(Paper)>
        </WithStyles(ForwardRef(Paper))>
      </ForwardRef(AppBar)>
    </WithStyles(ForwardRef(AppBar))>
  </div>
</Header>
`;
