// Jest Snapshot v1, https://goo.gl/fbAQLP

exports[`<Login/> Component Initial Rendering Should Match Snapshot 1`] = `ReactWrapper {}`;
